Application     C:\MICS7HN\APPS\ENTRY\entryHH.ent
Type            Entry
Date            Aug 27, 2026
Time            15:00:42

CSPro Error Summary

WARNING(<Question Text>, 1): HX2 should have a subscript - you may get error messages when you run this application
WARNING(<Question Text>, 1): HX2 should have a subscript - you may get error messages when you run this application
WARNING(<Question Text>, 1): HX2 should have a subscript - you may get error messages when you run this application
WARNING(<Question Text>, 1): HX2 should have a subscript - you may get error messages when you run this application
WARNING(<Question Text>, 1): HX2 should have a subscript - you may get error messages when you run this application
WARNING(<Question Text>, 1): HX2 should have a subscript - you may get error messages when you run this application
WARNING(<Question Text>, 1): HX2 should have a subscript - you may get error messages when you run this application
WARNING(<Question Text>, 1): HX2 should have a subscript - you may get error messages when you run this application
WARNING(<Question Text>, 1): HX2 should have a subscript - you may get error messages when you run this application
WARNING(<Question Text>, 1): HX2 should have a subscript - you may get error messages when you run this application
WARNING(<Question Text>, 1): HX2 should have a subscript - you may get error messages when you run this application
WARNING(<Question Text>, 1): HX2 should have a subscript - you may get error messages when you run this application
WARNING(<Question Text>, 1): HX2 should have a subscript - you may get error messages when you run this application
WARNING(<Question Text>, 1): HX2 should have a subscript - you may get error messages when you run this application
WARNING(<Question Text>, 1): HX2 should have a subscript - you may get error messages when you run this application
WARNING(<Question Text>, 1): HX2 should have a subscript - you may get error messages when you run this application
WARNING(<Question Text>, 1): HX2 should have a subscript - you may get error messages when you run this application
WARNING(<Question Text>, 1): HX2 should have a subscript - you may get error messages when you run this application
WARNING(<Question Text>, 1): HX2 should have a subscript - you may get error messages when you run this application
WARNING(<Question Text>, 1): HX2 should have a subscript - you may get error messages when you run this application
WARNING(<Question Text>, 1): HX2 should have a subscript - you may get error messages when you run this application
WARNING(<Question Text>, 1): HX2 should have a subscript - you may get error messages when you run this application
WARNING(<Question Text>, 1): HX2 should have a subscript - you may get error messages when you run this application
WARNING(<Question Text>, 1): HX2 should have a subscript - you may get error messages when you run this application
WARNING(<Question Text>, 1): HX2 should have a subscript - you may get error messages when you run this application
WARNING(<Question Text>, 1): HX2 should have a subscript - you may get error messages when you run this application
WARNING(<Question Text>, 1): HX2 should have a subscript - you may get error messages when you run this application
WARNING(<Question Text>, 1): HX2 should have a subscript - you may get error messages when you run this application
WARNING(<Question Text>, 1): HX2 should have a subscript - you may get error messages when you run this application
WARNING(<Question Text>, 1): HX2 should have a subscript - you may get error messages when you run this application
WARNING(<Question Text>, 1): HX2 should have a subscript - you may get error messages when you run this application
